// Jest Snapshot v1, https://goo.gl/fbAQLP

exports[`Snapshot test of App  App should match the snapshot every time it is rendered 1`] = `
Array [
  <h1>
    NAV OR BANNER HERE
  </h1>,
  <p>
    Please wait, we're retrieving the data...
  </p>,
  <div
    className="spinner-grow text-primary"
  />,
]
`;
