// Jest Snapshot v1, https://goo.gl/fbAQLP

exports[`Snapshot test of App  App should match the snapshot every time it is rendered 1`] = `
Array [
  <div>
    <img
      alt="Logo"
      id="mainBanner"
      src="Banner.png"
    />
    ;
  </div>,
  <p>
    Please wait, we're retrieving the data...
  </p>,
  <div
    className="spinner-grow text-primary"
  />,
]
`;
